Component: Arm Compiler for Embedded 6.22 Tool: armlink [5ee90200]

==============================================================================

Section Cross References

    mian.o(.text.main) refers to mian.o(.rodata.str1.1) for .Lstr.4
    mian.o(.text.main) refers to puts.o(i.puts) for puts
    mian.o(.ARM.exidx.text.main) refers to mian.o(.text.main) for [Anonymous Symbol]
    startup_cmsdk_cm3.o(.ARM.exidx.text.Default_Handler) refers to startup_cmsdk_cm3.o(.text.Default_Handler) for [Anonymous Symbol]
    startup_cmsdk_cm3.o(.text.Reset_Handler) refers to system_cmsdk_cm3.o(.text.SystemInit) for SystemInit
    startup_cmsdk_cm3.o(.text.Reset_Handler) refers to entry.o(.ARM.Collect$$$$00000000) for __main
    startup_cmsdk_cm3.o(.ARM.exidx.text.Reset_Handler) refers to startup_cmsdk_cm3.o(.text.Reset_Handler) for [Anonymous Symbol]
    startup_cmsdk_cm3.o(.ARM.exidx.text.HardFault_Handler) refers to startup_cmsdk_cm3.o(.text.HardFault_Handler) for [Anonymous Symbol]
    startup_cmsdk_cm3.o(RESET) refers to startup_cmsdk_cm3.o(.text.Reset_Handler) for Reset_Handler
    startup_cmsdk_cm3.o(RESET) refers to startup_cmsdk_cm3.o(.text.Default_Handler) for NMI_Handler
    startup_cmsdk_cm3.o(RESET) refers to startup_cmsdk_cm3.o(.text.HardFault_Handler) for HardFault_Handler
    system_cmsdk_cm3.o(.text.SystemCoreClockUpdate) refers to system_cmsdk_cm3.o(.data.SystemCoreClock) for SystemCoreClock
    system_cmsdk_cm3.o(.ARM.exidx.text.SystemCoreClockUpdate) refers to system_cmsdk_cm3.o(.text.SystemCoreClockUpdate) for [Anonymous Symbol]
    system_cmsdk_cm3.o(.text.SystemInit) refers to startup_cmsdk_cm3.o(RESET) for __Vectors
    system_cmsdk_cm3.o(.text.SystemInit) refers to system_cmsdk_cm3.o(.data.SystemCoreClock) for SystemCoreClock
    system_cmsdk_cm3.o(.ARM.exidx.text.SystemInit) refers to system_cmsdk_cm3.o(.text.SystemInit) for [Anonymous Symbol]
    entry.o(.ARM.Collect$$$$00000000) refers (Special) to entry10a.o(.ARM.Collect$$$$0000000D) for __rt_final_cpp
    entry.o(.ARM.Collect$$$$00000000) refers (Special) to entry11a.o(.ARM.Collect$$$$0000000F) for __rt_final_exit
    entry.o(.ARM.Collect$$$$00000000) refers (Special) to entry7b.o(.ARM.Collect$$$$00000008) for _main_clock
    entry.o(.ARM.Collect$$$$00000000) refers (Special) to entry8b.o(.ARM.Collect$$$$0000000A) for _main_cpp_init
    entry.o(.ARM.Collect$$$$00000000) refers (Special) to entry9a.o(.ARM.Collect$$$$0000000B) for _main_init
    entry.o(.ARM.Collect$$$$00000000) refers (Special) to entry5.o(.ARM.Collect$$$$00000004) for _main_scatterload
    entry.o(.ARM.Collect$$$$00000000) refers (Special) to entry4.o(.ARM.Collect$$$$00000003) for _main_stk
    puts.o(i.puts) refers to fputc.o(i.fputc) for fputc
    puts.o(i.puts) refers to stdout.o(.data) for __stdout
    puts_e.o(.text) refers to fputc.o(i.fputc) for fputc
    puts_e.o(.text) refers to stdout.o(.data) for __stdout
    entry4.o(.ARM.Collect$$$$00000003) refers to entry4.o(.ARM.Collect$$$$00002714) for __lit__00000000
    entry4.o(__vectab_stack_and_reset_area) refers to entry.o(.ARM.Collect$$$$00000000) for __main
    entry5.o(.ARM.Collect$$$$00000004) refers to init.o(.text) for __scatterload
    entry9a.o(.ARM.Collect$$$$0000000B) refers to mian.o(.text.main) for main
    entry9b.o(.ARM.Collect$$$$0000000C) refers to mian.o(.text.main) for main
    fputc.o(i.fputc) refers (Special) to iusesemip.o(.text) for __I$use$semihosting$fputc
    fputc.o(i.fputc) refers (Special) to semi.o(.text) for __semihosting_library_function
    fputc_h.o(i._fputc$hlt) refers (Special) to iusesemip.o(.text) for __I$use$semihosting$fputc
    fputc_h.o(i._fputc$hlt) refers (Special) to semi.o(.text) for __semihosting_library_function
    init.o(.text) refers to entry5.o(.ARM.Collect$$$$00000004) for __main_after_scatterload


==============================================================================

Removing Unused input sections from the image.

    Removing mian.o(.text), (0 bytes).
    Removing mian.o(.ARM.exidx.text.main), (8 bytes).
    Removing mian.o(.ARM.use_no_argv), (4 bytes).
    Removing startup_cmsdk_cm3.o(.text), (0 bytes).
    Removing startup_cmsdk_cm3.o(.ARM.exidx.text.Default_Handler), (8 bytes).
    Removing startup_cmsdk_cm3.o(.ARM.exidx.text.Reset_Handler), (8 bytes).
    Removing startup_cmsdk_cm3.o(.ARM.exidx.text.HardFault_Handler), (8 bytes).
    Removing system_cmsdk_cm3.o(.text), (0 bytes).
    Removing system_cmsdk_cm3.o(.text.SystemCoreClockUpdate), (20 bytes).
    Removing system_cmsdk_cm3.o(.ARM.exidx.text.SystemCoreClockUpdate), (8 bytes).
    Removing system_cmsdk_cm3.o(.ARM.exidx.text.SystemInit), (8 bytes).

11 unused section(s) (total 72 bytes) removed from the image.

==============================================================================

Image Symbol Table

    Local Symbols

    Symbol Name                              Value     Ov Type        Size  Object(Section)

    ../clib/microlib/init/entry.s            0x00000000   Number         0  entry.o ABSOLUTE
    ../clib/microlib/init/entry.s            0x00000000   Number         0  entry4.o ABSOLUTE
    ../clib/microlib/init/entry.s            0x00000000   Number         0  entry5.o ABSOLUTE
    ../clib/microlib/init/entry.s            0x00000000   Number         0  entry7a.o ABSOLUTE
    ../clib/microlib/init/entry.s            0x00000000   Number         0  entry7b.o ABSOLUTE
    ../clib/microlib/init/entry.s            0x00000000   Number         0  entry8a.o ABSOLUTE
    ../clib/microlib/init/entry.s            0x00000000   Number         0  entry8b.o ABSOLUTE
    ../clib/microlib/init/entry.s            0x00000000   Number         0  entry9a.o ABSOLUTE
    ../clib/microlib/init/entry.s            0x00000000   Number         0  entry9b.o ABSOLUTE
    ../clib/microlib/init/entry.s            0x00000000   Number         0  entry10a.o ABSOLUTE
    ../clib/microlib/init/entry.s            0x00000000   Number         0  entry10b.o ABSOLUTE
    ../clib/microlib/init/entry.s            0x00000000   Number         0  entry11a.o ABSOLUTE
    ../clib/microlib/init/entry.s            0x00000000   Number         0  entry11b.o ABSOLUTE
    ../clib/microlib/stdio/fputc.c           0x00000000   Number         0  fputc.o ABSOLUTE
    ../clib/microlib/stdio/fputc.c           0x00000000   Number         0  fputc_h.o ABSOLUTE
    ../clib/microlib/stdio/puts.c            0x00000000   Number         0  puts.o ABSOLUTE
    ../clib/microlib/stdio/puts.c            0x00000000   Number         0  puts_e.o ABSOLUTE
    ../clib/microlib/stdio/semi.s            0x00000000   Number         0  semi.o ABSOLUTE
    ../clib/microlib/stdio/streams.c         0x00000000   Number         0  stdout.o ABSOLUTE
    ../clib/microlib/stubs.s                 0x00000000   Number         0  iusesemip.o ABSOLUTE
    __tagsym$$used.0                         0x00000000   Number         0  startup_cmsdk_cm3.o(RESET)
    dc.s                                     0x00000000   Number         0  dc.o ABSOLUTE
    handlers.s                               0x00000000   Number         0  handlers.o ABSOLUTE
    init.s                                   0x00000000   Number         0  init.o ABSOLUTE
    mian.c                                   0x00000000   Number         0  mian.o ABSOLUTE
    startup_CMSDK_CM3.c                      0x00000000   Number         0  startup_cmsdk_cm3.o ABSOLUTE
    system_CMSDK_CM3.c                       0x00000000   Number         0  system_cmsdk_cm3.o ABSOLUTE
    .ARM.Collect$$$$00000000                 0x00000400   Section        0  entry.o(.ARM.Collect$$$$00000000)
    .ARM.Collect$$$$00000003                 0x00000400   Section        4  entry4.o(.ARM.Collect$$$$00000003)
    .ARM.Collect$$$$00000004                 0x00000404   Section        4  entry5.o(.ARM.Collect$$$$00000004)
    .ARM.Collect$$$$00000008                 0x00000408   Section        0  entry7b.o(.ARM.Collect$$$$00000008)
    .ARM.Collect$$$$0000000A                 0x00000408   Section        0  entry8b.o(.ARM.Collect$$$$0000000A)
    .ARM.Collect$$$$0000000B                 0x00000408   Section        8  entry9a.o(.ARM.Collect$$$$0000000B)
    __lit__00000000                          0x00000410   Data           4  entry4.o(.ARM.Collect$$$$00002714)
    .ARM.Collect$$$$0000000D                 0x00000410   Section        0  entry10a.o(.ARM.Collect$$$$0000000D)
    .ARM.Collect$$$$0000000F                 0x00000410   Section        0  entry11a.o(.ARM.Collect$$$$0000000F)
    .ARM.Collect$$$$00002714                 0x00000410   Section        4  entry4.o(.ARM.Collect$$$$00002714)
    .text                                    0x00000414   Section       48  init.o(.text)
    [Anonymous Symbol]                       0x00000444   Section        0  startup_cmsdk_cm3.o(.text.Default_Handler)
    .text                                    0x00000444   Section        0  semi.o(.text)
    .text                                    0x00000444   Section        0  iusesemip.o(.text)
    [Anonymous Symbol]                       0x00000448   Section        0  startup_cmsdk_cm3.o(.text.HardFault_Handler)
    [Anonymous Symbol]                       0x0000044c   Section        0  startup_cmsdk_cm3.o(.text.Reset_Handler)
    [Anonymous Symbol]                       0x00000454   Section        0  system_cmsdk_cm3.o(.text.SystemInit)
    [Anonymous Symbol]                       0x0000047c   Section        0  mian.o(.text.main)
    i.__scatterload_copy                     0x000004c4   Section       14  handlers.o(i.__scatterload_copy)
    i.__scatterload_null                     0x000004d2   Section        2  handlers.o(i.__scatterload_null)
    i.__scatterload_zeroinit                 0x000004d4   Section       14  handlers.o(i.__scatterload_zeroinit)
    i.fputc                                  0x000004e2   Section        0  fputc.o(i.fputc)
    i.puts                                   0x000004f4   Section        0  puts.o(i.puts)
    .Lstr.4                                  0x00000518   Data          19  mian.o(.rodata.str1.1)
    [Anonymous Symbol]                       0x00000518   Section        0  mian.o(.rodata.str1.1)
    .data                                    0x20000000   Section        4  stdout.o(.data)

    Global Symbols

    Symbol Name                              Value     Ov Type        Size  Object(Section)

    BuildAttributes$$THM_ISAv4$P$D$K$B$S$PE$A:L22UL41UL21$X:L11$S22US41US21$IEEE1$IW$USESV6$~STKCKD$USESV7$~SHL$OTIME$MICROLIB$REQ8$PRES8$EABIv2 0x00000000   Number         0  anon$$obj.o ABSOLUTE
    __Vectors                                0x00000000   Data        1024  startup_cmsdk_cm3.o(RESET)
    __cpp_initialize__aeabi_                  - Undefined Weak Reference
    __cxa_finalize                            - Undefined Weak Reference
    __decompress                              - Undefined Weak Reference
    _clock_init                               - Undefined Weak Reference
    _microlib_exit                            - Undefined Weak Reference
    __main                                   0x00000401   Thumb Code     0  entry.o(.ARM.Collect$$$$00000000)
    _main_stk                                0x00000401   Thumb Code     0  entry4.o(.ARM.Collect$$$$00000003)
    _main_scatterload                        0x00000405   Thumb Code     0  entry5.o(.ARM.Collect$$$$00000004)
    __main_after_scatterload                 0x00000409   Thumb Code     0  entry5.o(.ARM.Collect$$$$00000004)
    _main_clock                              0x00000409   Thumb Code     0  entry7b.o(.ARM.Collect$$$$00000008)
    _main_cpp_init                           0x00000409   Thumb Code     0  entry8b.o(.ARM.Collect$$$$0000000A)
    _main_init                               0x00000409   Thumb Code     0  entry9a.o(.ARM.Collect$$$$0000000B)
    __rt_final_cpp                           0x00000411   Thumb Code     0  entry10a.o(.ARM.Collect$$$$0000000D)
    __rt_final_exit                          0x00000411   Thumb Code     0  entry11a.o(.ARM.Collect$$$$0000000F)
    __scatterload                            0x00000415   Thumb Code    38  init.o(.text)
    __scatterload_rt2                        0x00000415   Thumb Code     0  init.o(.text)
    BusFault_Handler                         0x00000445   Thumb Code     2  startup_cmsdk_cm3.o(.text.Default_Handler)
    DUALTIMER_Handler                        0x00000445   Thumb Code     2  startup_cmsdk_cm3.o(.text.Default_Handler)
    DebugMon_Handler                         0x00000445   Thumb Code     2  startup_cmsdk_cm3.o(.text.Default_Handler)
    Default_Handler                          0x00000445   Thumb Code     2  startup_cmsdk_cm3.o(.text.Default_Handler)
    ETHERNET_Handler                         0x00000445   Thumb Code     2  startup_cmsdk_cm3.o(.text.Default_Handler)
    GPIO0ALL_Handler                         0x00000445   Thumb Code     2  startup_cmsdk_cm3.o(.text.Default_Handler)
    GPIO0_0_Handler                          0x00000445   Thumb Code     2  startup_cmsdk_cm3.o(.text.Default_Handler)
    GPIO0_1_Handler                          0x00000445   Thumb Code     2  startup_cmsdk_cm3.o(.text.Default_Handler)
    GPIO0_2_Handler                          0x00000445   Thumb Code     2  startup_cmsdk_cm3.o(.text.Default_Handler)
    GPIO0_3_Handler                          0x00000445   Thumb Code     2  startup_cmsdk_cm3.o(.text.Default_Handler)
    GPIO0_4_Handler                          0x00000445   Thumb Code     2  startup_cmsdk_cm3.o(.text.Default_Handler)
    GPIO0_5_Handler                          0x00000445   Thumb Code     2  startup_cmsdk_cm3.o(.text.Default_Handler)
    GPIO0_6_Handler                          0x00000445   Thumb Code     2  startup_cmsdk_cm3.o(.text.Default_Handler)
    GPIO0_7_Handler                          0x00000445   Thumb Code     2  startup_cmsdk_cm3.o(.text.Default_Handler)
    GPIO1ALL_Handler                         0x00000445   Thumb Code     2  startup_cmsdk_cm3.o(.text.Default_Handler)
    GPIO2_Handler                            0x00000445   Thumb Code     2  startup_cmsdk_cm3.o(.text.Default_Handler)
    GPIO3_Handler                            0x00000445   Thumb Code     2  startup_cmsdk_cm3.o(.text.Default_Handler)
    I2S_Handler                              0x00000445   Thumb Code     2  startup_cmsdk_cm3.o(.text.Default_Handler)
    MemManage_Handler                        0x00000445   Thumb Code     2  startup_cmsdk_cm3.o(.text.Default_Handler)
    NMI_Handler                              0x00000445   Thumb Code     2  startup_cmsdk_cm3.o(.text.Default_Handler)
    PendSV_Handler                           0x00000445   Thumb Code     2  startup_cmsdk_cm3.o(.text.Default_Handler)
    SPI_0_1_Handler                          0x00000445   Thumb Code     2  startup_cmsdk_cm3.o(.text.Default_Handler)
    SPI_2_Handler                            0x00000445   Thumb Code     2  startup_cmsdk_cm3.o(.text.Default_Handler)
    SPI_3_4_Handler                          0x00000445   Thumb Code     2  startup_cmsdk_cm3.o(.text.Default_Handler)
    SVC_Handler                              0x00000445   Thumb Code     2  startup_cmsdk_cm3.o(.text.Default_Handler)
    SysTick_Handler                          0x00000445   Thumb Code     2  startup_cmsdk_cm3.o(.text.Default_Handler)
    TIMER0_Handler                           0x00000445   Thumb Code     2  startup_cmsdk_cm3.o(.text.Default_Handler)
    TIMER1_Handler                           0x00000445   Thumb Code     2  startup_cmsdk_cm3.o(.text.Default_Handler)
    TOUCHSCREEN_Handler                      0x00000445   Thumb Code     2  startup_cmsdk_cm3.o(.text.Default_Handler)
    UART0RX_Handler                          0x00000445   Thumb Code     2  startup_cmsdk_cm3.o(.text.Default_Handler)
    UART0TX_Handler                          0x00000445   Thumb Code     2  startup_cmsdk_cm3.o(.text.Default_Handler)
    UART1RX_Handler                          0x00000445   Thumb Code     2  startup_cmsdk_cm3.o(.text.Default_Handler)
    UART1TX_Handler                          0x00000445   Thumb Code     2  startup_cmsdk_cm3.o(.text.Default_Handler)
    UART2RX_Handler                          0x00000445   Thumb Code     2  startup_cmsdk_cm3.o(.text.Default_Handler)
    UART2TX_Handler                          0x00000445   Thumb Code     2  startup_cmsdk_cm3.o(.text.Default_Handler)
    UART3RX_Handler                          0x00000445   Thumb Code     2  startup_cmsdk_cm3.o(.text.Default_Handler)
    UART3TX_Handler                          0x00000445   Thumb Code     2  startup_cmsdk_cm3.o(.text.Default_Handler)
    UART4RX_Handler                          0x00000445   Thumb Code     2  startup_cmsdk_cm3.o(.text.Default_Handler)
    UART4TX_Handler                          0x00000445   Thumb Code     2  startup_cmsdk_cm3.o(.text.Default_Handler)
    UART_0_1_2_OVF_Handler                   0x00000445   Thumb Code     2  startup_cmsdk_cm3.o(.text.Default_Handler)
    UsageFault_Handler                       0x00000445   Thumb Code     2  startup_cmsdk_cm3.o(.text.Default_Handler)
    __I$use$semihosting$fputc                0x00000445   Thumb Code     0  iusesemip.o(.text)
    __semihosting_library_function           0x00000445   Thumb Code     0  semi.o(.text)
    HardFault_Handler                        0x00000449   Thumb Code     2  startup_cmsdk_cm3.o(.text.HardFault_Handler)
    Reset_Handler                            0x0000044d   Thumb Code     8  startup_cmsdk_cm3.o(.text.Reset_Handler)
    SystemInit                               0x00000455   Thumb Code    38  system_cmsdk_cm3.o(.text.SystemInit)
    main                                     0x0000047d   Thumb Code    40  mian.o(.text.main)
    __scatterload_copy                       0x000004c5   Thumb Code    14  handlers.o(i.__scatterload_copy)
    __scatterload_null                       0x000004d3   Thumb Code     2  handlers.o(i.__scatterload_null)
    __scatterload_zeroinit                   0x000004d5   Thumb Code    14  handlers.o(i.__scatterload_zeroinit)
    fputc                                    0x000004e3   Thumb Code    18  fputc.o(i.fputc)
    puts                                     0x000004f5   Thumb Code    30  puts.o(i.puts)
    Region$$Table$$Base                      0x0000052c   Number         0  anon$$obj.o(Region$$Table)
    Region$$Table$$Limit                     0x0000053c   Number         0  anon$$obj.o(Region$$Table)
    __stdout                                 0x20000000   Data           4  stdout.o(.data)
    SystemCoreClock                          0x20000004   Data           4  system_cmsdk_cm3.o(.data.SystemCoreClock)
    Image$$ARM_LIB_STACK$$ZI$$Limit          0x20040000   Number         0  anon$$obj.o ABSOLUTE



==============================================================================

Memory Map of the image

  Image Entry point : 0x00000401

  Load Region LR_ROM (Base: 0x00000000, Size: 0x00000544, Max: 0x00080000, ABSOLUTE)

    Execution Region ER_ROM (Exec base: 0x00000000, Load base: 0x00000000, Size: 0x0000053c, Max: 0x00080000, ABSOLUTE)

    Exec Addr    Load Addr    Size         Type   Attr      Idx    E Section Name        Object

    0x00000000   0x00000000   0x00000400   Data   RO           21    RESET               startup_cmsdk_cm3.o
    0x00000400   0x00000400   0x00000000   Code   RO           40  * .ARM.Collect$$$$00000000  mc_w.l(entry.o)
    0x00000400   0x00000400   0x00000004   Code   RO           47    .ARM.Collect$$$$00000003  mc_w.l(entry4.o)
    0x00000404   0x00000404   0x00000004   Code   RO           50    .ARM.Collect$$$$00000004  mc_w.l(entry5.o)
    0x00000408   0x00000408   0x00000000   Code   RO           52    .ARM.Collect$$$$00000008  mc_w.l(entry7b.o)
    0x00000408   0x00000408   0x00000000   Code   RO           54    .ARM.Collect$$$$0000000A  mc_w.l(entry8b.o)
    0x00000408   0x00000408   0x00000008   Code   RO           55    .ARM.Collect$$$$0000000B  mc_w.l(entry9a.o)
    0x00000410   0x00000410   0x00000000   Code   RO           57    .ARM.Collect$$$$0000000D  mc_w.l(entry10a.o)
    0x00000410   0x00000410   0x00000000   Code   RO           59    .ARM.Collect$$$$0000000F  mc_w.l(entry11a.o)
    0x00000410   0x00000410   0x00000004   Code   RO           48    .ARM.Collect$$$$00002714  mc_w.l(entry4.o)
    0x00000414   0x00000414   0x00000030   Code   RO           66    .text               mc_w.l(init.o)
    0x00000444   0x00000444   0x00000000   Code   RO           68    .text               mc_w.l(semi.o)
    0x00000444   0x00000444   0x00000000   Code   RO           69    .text               mc_w.l(iusesemip.o)
    0x00000444   0x00000444   0x00000002   Code   RO           15    .text.Default_Handler  startup_cmsdk_cm3.o
    0x00000446   0x00000446   0x00000002   PAD
    0x00000448   0x00000448   0x00000002   Code   RO           19    .text.HardFault_Handler  startup_cmsdk_cm3.o
    0x0000044a   0x0000044a   0x00000002   PAD
    0x0000044c   0x0000044c   0x00000008   Code   RO           17    .text.Reset_Handler  startup_cmsdk_cm3.o
    0x00000454   0x00000454   0x00000026   Code   RO           31    .text.SystemInit    system_cmsdk_cm3.o
    0x0000047a   0x0000047a   0x00000002   PAD
    0x0000047c   0x0000047c   0x00000048   Code   RO            4    .text.main          mian.o
    0x000004c4   0x000004c4   0x0000000e   Code   RO           72    i.__scatterload_copy  mc_w.l(handlers.o)
    0x000004d2   0x000004d2   0x00000002   Code   RO           73    i.__scatterload_null  mc_w.l(handlers.o)
    0x000004d4   0x000004d4   0x0000000e   Code   RO           74    i.__scatterload_zeroinit  mc_w.l(handlers.o)
    0x000004e2   0x000004e2   0x00000012   Code   RO           61    i.fputc             mc_w.l(fputc.o)
    0x000004f4   0x000004f4   0x00000024   Code   RO           43    i.puts              mc_w.l(puts.o)
    0x00000518   0x00000518   0x00000013   Data   RO            6    .rodata.str1.1      mian.o
    0x0000052b   0x0000052b   0x00000001   PAD
    0x0000052c   0x0000052c   0x00000010   Data   RO           71    Region$$Table       anon$$obj.o


    Execution Region RW_RAM (Exec base: 0x20000000, Load base: 0x0000053c, Size: 0x00000008, Max: 0x0003f200, ABSOLUTE)

    Exec Addr    Load Addr    Size         Type   Attr      Idx    E Section Name        Object

    0x20000000   0x0000053c   0x00000004   Data   RW           65    .data               mc_w.l(stdout.o)
    0x20000004   0x00000540   0x00000004   Data   RW           33    .data.SystemCoreClock  system_cmsdk_cm3.o


    Execution Region ARM_LIB_HEAP (Exec base: 0x20000008, Load base: 0x00000544, Size: 0x00000c00, Max: 0x00000c00, ABSOLUTE)

    Exec Addr    Load Addr    Size         Type   Attr      Idx    E Section Name        Object

    0x20000008        -       0x00000c00   Zero   RW            1    ARM_LIB_HEAP.bss    anon$$obj.o


    Execution Region ARM_LIB_STACK (Exec base: 0x2003fe00, Load base: 0x00000544, Size: 0x00000200, Max: 0x00000200, ABSOLUTE)

    Exec Addr    Load Addr    Size         Type   Attr      Idx    E Section Name        Object

    0x2003fe00        -       0x00000200   Zero   RW            2    ARM_LIB_STACK.bss   anon$$obj.o


==============================================================================

Image component sizes


      Code (inc. data)   RO Data    RW Data    ZI Data      Debug   Object Name

        72         32         19          0          0        801   mian.o
        12          0       1024          0          0        923   startup_cmsdk_cm3.o
        38          0          0          4          0       1513   system_cmsdk_cm3.o

    ----------------------------------------------------------------------
       128         32       1060          4       3584       3237   Object Totals
         0          0         16          0       3584          0   (incl. Generated)
         6          0          1          0          0          0   (incl. Padding)

    ----------------------------------------------------------------------

      Code (inc. data)   RO Data    RW Data    ZI Data      Debug   Library Member Name

         0          0          0          0          0          0   entry.o
         0          0          0          0          0          0   entry10a.o
         0          0          0          0          0          0   entry11a.o
         8          4          0          0          0          0   entry4.o
         4          0          0          0          0          0   entry5.o
         0          0          0          0          0          0   entry7b.o
         0          0          0          0          0          0   entry8b.o
         8          4          0          0          0          0   entry9a.o
        18          0          0          0          0         80   fputc.o
        30          0          0          0          0          0   handlers.o
        48         10          0          0          0         68   init.o
         0          0          0          0          0          0   iusesemip.o
        36          6          0          0          0         80   puts.o
         0          0          0          0          0          0   semi.o
         0          0          0          4          0          0   stdout.o

    ----------------------------------------------------------------------
       152         24          0          4          0        228   Library Totals
         0          0          0          0          0          0   (incl. Padding)

    ----------------------------------------------------------------------

      Code (inc. data)   RO Data    RW Data    ZI Data      Debug   Library Name

       152         24          0          4          0        228   mc_w.l

    ----------------------------------------------------------------------
       152         24          0          4          0        228   Library Totals

    ----------------------------------------------------------------------

==============================================================================


      Code (inc. data)   RO Data    RW Data    ZI Data      Debug   

       280         56       1060          8       3584       3577   Grand Totals
       280         56       1060          8       3584       3577   ELF Image Totals
       280         56       1060          8          0          0   ROM Totals

==============================================================================

    Total RO  Size (Code + RO Data)                 1340 (   1.31kB)
    Total RW  Size (RW Data + ZI Data)              3592 (   3.51kB)
    Total ROM Size (Code + RO Data + RW Data)       1348 (   1.32kB)

==============================================================================

