<!doctype html public "-//w3c//dtd html 4.0 transitional//en">
<html><head>
<title>Static Call Graph - [.\cm3.axf]</title></head>
<body><HR>
<H1>Static Call Graph for image .\cm3.axf</H1><HR>
<BR><P>#&#060CALLGRAPH&#062# ARM Linker, 5060750: Last Updated: Thu Apr 09 20:12:53 2020
<BR><P>
<H3>Maximum Stack Usage =        600 bytes + Unknown(Untraceable Function Pointers)</H3><H3>
Call chain for Maximum Stack Depth:</H3>
main &rArr; __0scanf &rArr; __vfscanf_char_file &rArr; __vfscanf_char &rArr; __vfscanf &rArr; _scanf_string
<P>
<H3>
Function Pointers
</H3><UL>
 <LI><a href="#[4]">BusFault_Handler</a> from startup_cm3ds.o(.text) referenced from startup_cm3ds.o(RESET)
 <LI><a href="#[7]">DebugMon_Handler</a> from startup_cm3ds.o(.text) referenced from startup_cm3ds.o(RESET)
 <LI><a href="#[2]">HardFault_Handler</a> from startup_cm3ds.o(.text) referenced from startup_cm3ds.o(RESET)
 <LI><a href="#[3]">MemManage_Handler</a> from startup_cm3ds.o(.text) referenced from startup_cm3ds.o(RESET)
 <LI><a href="#[1]">NMI_Handler</a> from startup_cm3ds.o(.text) referenced from startup_cm3ds.o(RESET)
 <LI><a href="#[8]">PendSV_Handler</a> from startup_cm3ds.o(.text) referenced from startup_cm3ds.o(RESET)
 <LI><a href="#[0]">Reset_Handler</a> from startup_cm3ds.o(.text) referenced from startup_cm3ds.o(RESET)
 <LI><a href="#[6]">SVC_Handler</a> from startup_cm3ds.o(.text) referenced from startup_cm3ds.o(RESET)
 <LI><a href="#[9]">SysTick_Handler</a> from startup_cm3ds.o(.text) referenced from startup_cm3ds.o(RESET)
 <LI><a href="#[e]">SystemInit</a> from system.o(i.SystemInit) referenced from startup_cm3ds.o(.text)
 <LI><a href="#[c]">UARTOVR_Handler</a> from startup_cm3ds.o(.text) referenced from startup_cm3ds.o(RESET)
 <LI><a href="#[a]">UARTRX_Handler</a> from startup_cm3ds.o(.text) referenced from startup_cm3ds.o(RESET)
 <LI><a href="#[b]">UARTTX_Handler</a> from startup_cm3ds.o(.text) referenced from startup_cm3ds.o(RESET)
 <LI><a href="#[5]">UsageFault_Handler</a> from startup_cm3ds.o(.text) referenced from startup_cm3ds.o(RESET)
 <LI><a href="#[11]">__backspace</a> from fgetc_b.o(.text) referenced from scanf_char_file.o(.text)
 <LI><a href="#[f]">__main</a> from entry.o(.ARM.Collect$$$$00000000) referenced from startup_cm3ds.o(.text)
 <LI><a href="#[12]">_scanf_char_input</a> from scanf_char.o(.text) referenced from scanf_char.o(.text)
 <LI><a href="#[10]">fgetc</a> from retarget.o(i.fgetc) referenced from scanf_char_file.o(.text)
 <LI><a href="#[14]">fputc</a> from retarget.o(i.fputc) referenced from printf2.o(i.__0printf$2)
 <LI><a href="#[13]">isspace</a> from isspace_c.o(.text) referenced from scanf_char.o(.text)
 <LI><a href="#[d]">main</a> from main.o(i.main) referenced from entry9a.o(.ARM.Collect$$$$0000000B)
</UL>
<P>
<H3>
Global Symbols
</H3>
<P><STRONG><a name="[f]"></a>__main</STRONG> (Thumb, 0 bytes, Stack size unknown bytes, entry.o(.ARM.Collect$$$$00000000))
<BR>[Address Reference Count : 1]<UL><LI> startup_cm3ds.o(.text)
</UL>
<P><STRONG><a name="[31]"></a>_main_stk</STRONG> (Thumb, 0 bytes, Stack size unknown bytes, entry2.o(.ARM.Collect$$$$00000001))

<P><STRONG><a name="[15]"></a>_main_scatterload</STRONG> (Thumb, 0 bytes, Stack size unknown bytes, entry5.o(.ARM.Collect$$$$00000004))
<BR><BR>[Calls]<UL><LI><a href="#[16]">&gt;&gt;</a>&nbsp;&nbsp;&nbsp;__scatterload
</UL>

<P><STRONG><a name="[26]"></a>__main_after_scatterload</STRONG> (Thumb, 0 bytes, Stack size unknown bytes, entry5.o(.ARM.Collect$$$$00000004))
<BR><BR>[Called By]<UL><LI><a href="#[16]">&gt;&gt;</a>&nbsp;&nbsp;&nbsp;__scatterload
</UL>

<P><STRONG><a name="[32]"></a>_main_clock</STRONG> (Thumb, 0 bytes, Stack size unknown bytes, entry7b.o(.ARM.Collect$$$$00000008))

<P><STRONG><a name="[33]"></a>_main_cpp_init</STRONG> (Thumb, 0 bytes, Stack size unknown bytes, entry8b.o(.ARM.Collect$$$$0000000A))

<P><STRONG><a name="[34]"></a>_main_init</STRONG> (Thumb, 0 bytes, Stack size unknown bytes, entry9a.o(.ARM.Collect$$$$0000000B))

<P><STRONG><a name="[35]"></a>__rt_final_cpp</STRONG> (Thumb, 0 bytes, Stack size unknown bytes, entry10a.o(.ARM.Collect$$$$0000000D))

<P><STRONG><a name="[36]"></a>__rt_final_exit</STRONG> (Thumb, 0 bytes, Stack size unknown bytes, entry11a.o(.ARM.Collect$$$$0000000F))

<P><STRONG><a name="[0]"></a>Reset_Handler</STRONG> (Thumb, 8 bytes, Stack size 0 bytes, startup_cm3ds.o(.text))
<BR>[Address Reference Count : 1]<UL><LI> startup_cm3ds.o(RESET)
</UL>
<P><STRONG><a name="[1]"></a>NMI_Handler</STRONG> (Thumb, 8 bytes, Stack size 0 bytes, startup_cm3ds.o(.text))
<BR><BR>[Calls]<UL><LI><a href="#[17]">&gt;&gt;</a>&nbsp;&nbsp;&nbsp;NMIHandler
</UL>
<BR>[Address Reference Count : 1]<UL><LI> startup_cm3ds.o(RESET)
</UL>
<P><STRONG><a name="[2]"></a>HardFault_Handler</STRONG> (Thumb, 8 bytes, Stack size 0 bytes, startup_cm3ds.o(.text))
<BR><BR>[Calls]<UL><LI><a href="#[18]">&gt;&gt;</a>&nbsp;&nbsp;&nbsp;HardFaultHandler
</UL>
<BR>[Address Reference Count : 1]<UL><LI> startup_cm3ds.o(RESET)
</UL>
<P><STRONG><a name="[3]"></a>MemManage_Handler</STRONG> (Thumb, 8 bytes, Stack size 0 bytes, startup_cm3ds.o(.text))
<BR><BR>[Calls]<UL><LI><a href="#[19]">&gt;&gt;</a>&nbsp;&nbsp;&nbsp;MemManageHandler
</UL>
<BR>[Address Reference Count : 1]<UL><LI> startup_cm3ds.o(RESET)
</UL>
<P><STRONG><a name="[4]"></a>BusFault_Handler</STRONG> (Thumb, 8 bytes, Stack size 0 bytes, startup_cm3ds.o(.text))
<BR><BR>[Calls]<UL><LI><a href="#[1a]">&gt;&gt;</a>&nbsp;&nbsp;&nbsp;BusFaultHandler
</UL>
<BR>[Address Reference Count : 1]<UL><LI> startup_cm3ds.o(RESET)
</UL>
<P><STRONG><a name="[5]"></a>UsageFault_Handler</STRONG> (Thumb, 8 bytes, Stack size 0 bytes, startup_cm3ds.o(.text))
<BR><BR>[Calls]<UL><LI><a href="#[1b]">&gt;&gt;</a>&nbsp;&nbsp;&nbsp;UsageFaultHandler
</UL>
<BR>[Address Reference Count : 1]<UL><LI> startup_cm3ds.o(RESET)
</UL>
<P><STRONG><a name="[6]"></a>SVC_Handler</STRONG> (Thumb, 8 bytes, Stack size 0 bytes, startup_cm3ds.o(.text))
<BR><BR>[Calls]<UL><LI><a href="#[1c]">&gt;&gt;</a>&nbsp;&nbsp;&nbsp;SVCHandler
</UL>
<BR>[Address Reference Count : 1]<UL><LI> startup_cm3ds.o(RESET)
</UL>
<P><STRONG><a name="[7]"></a>DebugMon_Handler</STRONG> (Thumb, 8 bytes, Stack size 0 bytes, startup_cm3ds.o(.text))
<BR><BR>[Calls]<UL><LI><a href="#[1d]">&gt;&gt;</a>&nbsp;&nbsp;&nbsp;DebugMonHandler
</UL>
<BR>[Address Reference Count : 1]<UL><LI> startup_cm3ds.o(RESET)
</UL>
<P><STRONG><a name="[8]"></a>PendSV_Handler</STRONG> (Thumb, 8 bytes, Stack size 0 bytes, startup_cm3ds.o(.text))
<BR><BR>[Calls]<UL><LI><a href="#[1e]">&gt;&gt;</a>&nbsp;&nbsp;&nbsp;PendSVHandler
</UL>
<BR>[Address Reference Count : 1]<UL><LI> startup_cm3ds.o(RESET)
</UL>
<P><STRONG><a name="[9]"></a>SysTick_Handler</STRONG> (Thumb, 8 bytes, Stack size 0 bytes, startup_cm3ds.o(.text))
<BR><BR>[Stack]<UL><LI>Max Depth = 8<LI>Call Chain = SysTick_Handler &rArr; SysTickHandler
</UL>
<BR>[Calls]<UL><LI><a href="#[1f]">&gt;&gt;</a>&nbsp;&nbsp;&nbsp;SysTickHandler
</UL>
<BR>[Address Reference Count : 1]<UL><LI> startup_cm3ds.o(RESET)
</UL>
<P><STRONG><a name="[a]"></a>UARTRX_Handler</STRONG> (Thumb, 8 bytes, Stack size 0 bytes, startup_cm3ds.o(.text))
<BR><BR>[Calls]<UL><LI><a href="#[20]">&gt;&gt;</a>&nbsp;&nbsp;&nbsp;UARTRXHandler
</UL>
<BR>[Address Reference Count : 1]<UL><LI> startup_cm3ds.o(RESET)
</UL>
<P><STRONG><a name="[b]"></a>UARTTX_Handler</STRONG> (Thumb, 8 bytes, Stack size 0 bytes, startup_cm3ds.o(.text))
<BR><BR>[Calls]<UL><LI><a href="#[21]">&gt;&gt;</a>&nbsp;&nbsp;&nbsp;UARTTXHandler
</UL>
<BR>[Address Reference Count : 1]<UL><LI> startup_cm3ds.o(RESET)
</UL>
<P><STRONG><a name="[c]"></a>UARTOVR_Handler</STRONG> (Thumb, 8 bytes, Stack size 0 bytes, startup_cm3ds.o(.text))
<BR><BR>[Calls]<UL><LI><a href="#[22]">&gt;&gt;</a>&nbsp;&nbsp;&nbsp;UARTOVRHandler
</UL>
<BR>[Address Reference Count : 1]<UL><LI> startup_cm3ds.o(RESET)
</UL>
<P><STRONG><a name="[23]"></a>__0scanf</STRONG> (Thumb, 26 bytes, Stack size 56 bytes, __0scanf.o(.text))
<BR><BR>[Stack]<UL><LI>Max Depth = 200<LI>Call Chain = __0scanf &rArr; __vfscanf_char_file &rArr; __vfscanf_char &rArr; __vfscanf &rArr; _scanf_string
</UL>
<BR>[Calls]<UL><LI><a href="#[24]">&gt;&gt;</a>&nbsp;&nbsp;&nbsp;__vfscanf_char_file
</UL>
<BR>[Called By]<UL><LI><a href="#[d]">&gt;&gt;</a>&nbsp;&nbsp;&nbsp;main
</UL>

<P><STRONG><a name="[29]"></a>_scanf_string</STRONG> (Thumb, 224 bytes, Stack size 56 bytes, _scanf_str.o(.text))
<BR><BR>[Stack]<UL><LI>Max Depth = 56<LI>Call Chain = _scanf_string
</UL>
<BR>[Called By]<UL><LI><a href="#[27]">&gt;&gt;</a>&nbsp;&nbsp;&nbsp;__vfscanf
</UL>

<P><STRONG><a name="[24]"></a>__vfscanf_char_file</STRONG> (Thumb, 12 bytes, Stack size 0 bytes, scanf_char_file.o(.text))
<BR><BR>[Stack]<UL><LI>Max Depth = 144<LI>Call Chain = __vfscanf_char_file &rArr; __vfscanf_char &rArr; __vfscanf &rArr; _scanf_string
</UL>
<BR>[Calls]<UL><LI><a href="#[25]">&gt;&gt;</a>&nbsp;&nbsp;&nbsp;__vfscanf_char
</UL>
<BR>[Called By]<UL><LI><a href="#[23]">&gt;&gt;</a>&nbsp;&nbsp;&nbsp;__0scanf
</UL>

<P><STRONG><a name="[16]"></a>__scatterload</STRONG> (Thumb, 28 bytes, Stack size 0 bytes, init.o(.text))
<BR><BR>[Calls]<UL><LI><a href="#[26]">&gt;&gt;</a>&nbsp;&nbsp;&nbsp;__main_after_scatterload
</UL>
<BR>[Called By]<UL><LI><a href="#[15]">&gt;&gt;</a>&nbsp;&nbsp;&nbsp;_main_scatterload
</UL>

<P><STRONG><a name="[37]"></a>__scatterload_rt2</STRONG> (Thumb, 0 bytes, Stack size 0 bytes, init.o(.text), UNUSED)

<P><STRONG><a name="[38]"></a>_fgetc$bs</STRONG> (Thumb, 28 bytes, Stack size 8 bytes, fgetc_b.o(.text), UNUSED)

<P><STRONG><a name="[11]"></a>__backspace</STRONG> (Thumb, 10 bytes, Stack size 0 bytes, fgetc_b.o(.text))
<BR>[Address Reference Count : 1]<UL><LI> scanf_char_file.o(.text)
</UL>
<P><STRONG><a name="[25]"></a>__vfscanf_char</STRONG> (Thumb, 20 bytes, Stack size 0 bytes, scanf_char.o(.text))
<BR><BR>[Stack]<UL><LI>Max Depth = 144<LI>Call Chain = __vfscanf_char &rArr; __vfscanf &rArr; _scanf_string
</UL>
<BR>[Calls]<UL><LI><a href="#[27]">&gt;&gt;</a>&nbsp;&nbsp;&nbsp;__vfscanf
</UL>
<BR>[Called By]<UL><LI><a href="#[24]">&gt;&gt;</a>&nbsp;&nbsp;&nbsp;__vfscanf_char_file
</UL>

<P><STRONG><a name="[39]"></a>__semihosting_library_function</STRONG> (Thumb, 0 bytes, Stack size 0 bytes, semi.o(.text), UNUSED)

<P><STRONG><a name="[13]"></a>isspace</STRONG> (Thumb, 10 bytes, Stack size 0 bytes, isspace_c.o(.text))
<BR><BR>[Calls]<UL><LI><a href="#[28]">&gt;&gt;</a>&nbsp;&nbsp;&nbsp;__ctype_lookup
</UL>
<BR>[Address Reference Count : 1]<UL><LI> scanf_char.o(.text)
</UL>
<P><STRONG><a name="[27]"></a>__vfscanf</STRONG> (Thumb, 808 bytes, Stack size 88 bytes, _scanf.o(.text))
<BR><BR>[Stack]<UL><LI>Max Depth = 144<LI>Call Chain = __vfscanf &rArr; _scanf_string
</UL>
<BR>[Calls]<UL><LI><a href="#[29]">&gt;&gt;</a>&nbsp;&nbsp;&nbsp;_scanf_string
</UL>
<BR>[Called By]<UL><LI><a href="#[25]">&gt;&gt;</a>&nbsp;&nbsp;&nbsp;__vfscanf_char
</UL>

<P><STRONG><a name="[3a]"></a>__I$use$semihosting$fgetc</STRONG> (Thumb, 0 bytes, Stack size 0 bytes, iusesemig.o(.text), UNUSED)

<P><STRONG><a name="[28]"></a>__ctype_lookup</STRONG> (Thumb, 34 bytes, Stack size 0 bytes, ctype_c.o(.text))
<BR><BR>[Called By]<UL><LI><a href="#[13]">&gt;&gt;</a>&nbsp;&nbsp;&nbsp;isspace
</UL>

<P><STRONG><a name="[1a]"></a>BusFaultHandler</STRONG> (Thumb, 2 bytes, Stack size 0 bytes, handler.o(i.BusFaultHandler))
<BR><BR>[Called By]<UL><LI><a href="#[4]">&gt;&gt;</a>&nbsp;&nbsp;&nbsp;BusFault_Handler
</UL>

<P><STRONG><a name="[1d]"></a>DebugMonHandler</STRONG> (Thumb, 2 bytes, Stack size 0 bytes, handler.o(i.DebugMonHandler))
<BR><BR>[Called By]<UL><LI><a href="#[7]">&gt;&gt;</a>&nbsp;&nbsp;&nbsp;DebugMon_Handler
</UL>

<P><STRONG><a name="[18]"></a>HardFaultHandler</STRONG> (Thumb, 2 bytes, Stack size 0 bytes, handler.o(i.HardFaultHandler))
<BR><BR>[Called By]<UL><LI><a href="#[2]">&gt;&gt;</a>&nbsp;&nbsp;&nbsp;HardFault_Handler
</UL>

<P><STRONG><a name="[19]"></a>MemManageHandler</STRONG> (Thumb, 2 bytes, Stack size 0 bytes, handler.o(i.MemManageHandler))
<BR><BR>[Called By]<UL><LI><a href="#[3]">&gt;&gt;</a>&nbsp;&nbsp;&nbsp;MemManage_Handler
</UL>

<P><STRONG><a name="[17]"></a>NMIHandler</STRONG> (Thumb, 2 bytes, Stack size 0 bytes, handler.o(i.NMIHandler))
<BR><BR>[Called By]<UL><LI><a href="#[1]">&gt;&gt;</a>&nbsp;&nbsp;&nbsp;NMI_Handler
</UL>

<P><STRONG><a name="[1e]"></a>PendSVHandler</STRONG> (Thumb, 2 bytes, Stack size 0 bytes, handler.o(i.PendSVHandler))
<BR><BR>[Called By]<UL><LI><a href="#[8]">&gt;&gt;</a>&nbsp;&nbsp;&nbsp;PendSV_Handler
</UL>

<P><STRONG><a name="[1c]"></a>SVCHandler</STRONG> (Thumb, 2 bytes, Stack size 0 bytes, handler.o(i.SVCHandler))
<BR><BR>[Called By]<UL><LI><a href="#[6]">&gt;&gt;</a>&nbsp;&nbsp;&nbsp;SVC_Handler
</UL>

<P><STRONG><a name="[2a]"></a>Set_SysTick_CTRL</STRONG> (Thumb, 8 bytes, Stack size 0 bytes, cortexm3_driver.o(i.Set_SysTick_CTRL))
<BR><BR>[Called By]<UL><LI><a href="#[1f]">&gt;&gt;</a>&nbsp;&nbsp;&nbsp;SysTickHandler
</UL>

<P><STRONG><a name="[1f]"></a>SysTickHandler</STRONG> (Thumb, 22 bytes, Stack size 8 bytes, handler.o(i.SysTickHandler))
<BR><BR>[Stack]<UL><LI>Max Depth = 8<LI>Call Chain = SysTickHandler
</UL>
<BR>[Calls]<UL><LI><a href="#[2a]">&gt;&gt;</a>&nbsp;&nbsp;&nbsp;Set_SysTick_CTRL
</UL>
<BR>[Called By]<UL><LI><a href="#[9]">&gt;&gt;</a>&nbsp;&nbsp;&nbsp;SysTick_Handler
</UL>

<P><STRONG><a name="[e]"></a>SystemInit</STRONG> (Thumb, 70 bytes, Stack size 24 bytes, system.o(i.SystemInit))
<BR><BR>[Stack]<UL><LI>Max Depth = 48<LI>Call Chain = SystemInit &rArr; uart_init
</UL>
<BR>[Calls]<UL><LI><a href="#[2b]">&gt;&gt;</a>&nbsp;&nbsp;&nbsp;uart_init
</UL>
<BR>[Address Reference Count : 1]<UL><LI> startup_cm3ds.o(.text)
</UL>
<P><STRONG><a name="[22]"></a>UARTOVRHandler</STRONG> (Thumb, 2 bytes, Stack size 0 bytes, handler.o(i.UARTOVRHandler))
<BR><BR>[Called By]<UL><LI><a href="#[c]">&gt;&gt;</a>&nbsp;&nbsp;&nbsp;UARTOVR_Handler
</UL>

<P><STRONG><a name="[20]"></a>UARTRXHandler</STRONG> (Thumb, 2 bytes, Stack size 0 bytes, handler.o(i.UARTRXHandler))
<BR><BR>[Called By]<UL><LI><a href="#[a]">&gt;&gt;</a>&nbsp;&nbsp;&nbsp;UARTRX_Handler
</UL>

<P><STRONG><a name="[21]"></a>UARTTXHandler</STRONG> (Thumb, 2 bytes, Stack size 0 bytes, handler.o(i.UARTTXHandler))
<BR><BR>[Called By]<UL><LI><a href="#[b]">&gt;&gt;</a>&nbsp;&nbsp;&nbsp;UARTTX_Handler
</UL>

<P><STRONG><a name="[1b]"></a>UsageFaultHandler</STRONG> (Thumb, 2 bytes, Stack size 0 bytes, handler.o(i.UsageFaultHandler))
<BR><BR>[Called By]<UL><LI><a href="#[5]">&gt;&gt;</a>&nbsp;&nbsp;&nbsp;UsageFault_Handler
</UL>

<P><STRONG><a name="[2c]"></a>__0printf$2</STRONG> (Thumb, 22 bytes, Stack size 24 bytes, printf2.o(i.__0printf$2), UNUSED)
<BR><BR>[Calls]<UL><LI><a href="#[2d]">&gt;&gt;</a>&nbsp;&nbsp;&nbsp;_printf_core
</UL>

<P><STRONG><a name="[3b]"></a>__1printf$2</STRONG> (Thumb, 0 bytes, Stack size 24 bytes, printf2.o(i.__0printf$2), UNUSED)

<P><STRONG><a name="[30]"></a>__2printf</STRONG> (Thumb, 0 bytes, Stack size 24 bytes, printf2.o(i.__0printf$2))
<BR><BR>[Stack]<UL><LI>Max Depth = 24<LI>Call Chain = __2printf
</UL>
<BR>[Called By]<UL><LI><a href="#[d]">&gt;&gt;</a>&nbsp;&nbsp;&nbsp;main
</UL>

<P><STRONG><a name="[3c]"></a>__scatterload_copy</STRONG> (Thumb, 14 bytes, Stack size unknown bytes, handlers.o(i.__scatterload_copy), UNUSED)

<P><STRONG><a name="[3d]"></a>__scatterload_null</STRONG> (Thumb, 2 bytes, Stack size unknown bytes, handlers.o(i.__scatterload_null), UNUSED)

<P><STRONG><a name="[3e]"></a>__scatterload_zeroinit</STRONG> (Thumb, 14 bytes, Stack size unknown bytes, handlers.o(i.__scatterload_zeroinit), UNUSED)

<P><STRONG><a name="[10]"></a>fgetc</STRONG> (Thumb, 34 bytes, Stack size 16 bytes, retarget.o(i.fgetc))
<BR><BR>[Stack]<UL><LI>Max Depth = 16<LI>Call Chain = fgetc
</UL>
<BR>[Calls]<UL><LI><a href="#[2f]">&gt;&gt;</a>&nbsp;&nbsp;&nbsp;uart_SendChar
<LI><a href="#[2e]">&gt;&gt;</a>&nbsp;&nbsp;&nbsp;uart_ReceiveChar
</UL>
<BR>[Address Reference Count : 1]<UL><LI> scanf_char_file.o(.text)
</UL>
<P><STRONG><a name="[14]"></a>fputc</STRONG> (Thumb, 32 bytes, Stack size 16 bytes, retarget.o(i.fputc))
<BR><BR>[Stack]<UL><LI>Max Depth = 16<LI>Call Chain = fputc
</UL>
<BR>[Calls]<UL><LI><a href="#[2f]">&gt;&gt;</a>&nbsp;&nbsp;&nbsp;uart_SendChar
</UL>
<BR>[Address Reference Count : 1]<UL><LI> printf2.o(i.__0printf$2)
</UL>
<P><STRONG><a name="[d]"></a>main</STRONG> (Thumb, 24 bytes, Stack size 400 bytes, main.o(i.main))
<BR><BR>[Stack]<UL><LI>Max Depth = 600<LI>Call Chain = main &rArr; __0scanf &rArr; __vfscanf_char_file &rArr; __vfscanf_char &rArr; __vfscanf &rArr; _scanf_string
</UL>
<BR>[Calls]<UL><LI><a href="#[30]">&gt;&gt;</a>&nbsp;&nbsp;&nbsp;__2printf
<LI><a href="#[23]">&gt;&gt;</a>&nbsp;&nbsp;&nbsp;__0scanf
</UL>
<BR>[Address Reference Count : 1]<UL><LI> entry9a.o(.ARM.Collect$$$$0000000B)
</UL>
<P><STRONG><a name="[2e]"></a>uart_ReceiveChar</STRONG> (Thumb, 20 bytes, Stack size 0 bytes, cortexm3_driver.o(i.uart_ReceiveChar))
<BR><BR>[Called By]<UL><LI><a href="#[10]">&gt;&gt;</a>&nbsp;&nbsp;&nbsp;fgetc
</UL>

<P><STRONG><a name="[2f]"></a>uart_SendChar</STRONG> (Thumb, 20 bytes, Stack size 0 bytes, cortexm3_driver.o(i.uart_SendChar))
<BR><BR>[Called By]<UL><LI><a href="#[14]">&gt;&gt;</a>&nbsp;&nbsp;&nbsp;fputc
<LI><a href="#[10]">&gt;&gt;</a>&nbsp;&nbsp;&nbsp;fgetc
</UL>

<P><STRONG><a name="[2b]"></a>uart_init</STRONG> (Thumb, 88 bytes, Stack size 24 bytes, cortexm3_driver.o(i.uart_init))
<BR><BR>[Stack]<UL><LI>Max Depth = 24<LI>Call Chain = uart_init
</UL>
<BR>[Called By]<UL><LI><a href="#[e]">&gt;&gt;</a>&nbsp;&nbsp;&nbsp;SystemInit
</UL>
<P>
<H3>
Local Symbols
</H3>
<P><STRONG><a name="[2d]"></a>_printf_core</STRONG> (Thumb, 214 bytes, Stack size 40 bytes, printf2.o(i._printf_core), UNUSED)
<BR><BR>[Called By]<UL><LI><a href="#[2c]">&gt;&gt;</a>&nbsp;&nbsp;&nbsp;__0printf$2
</UL>

<P><STRONG><a name="[12]"></a>_scanf_char_input</STRONG> (Thumb, 12 bytes, Stack size 0 bytes, scanf_char.o(.text))
<BR>[Address Reference Count : 1]<UL><LI> scanf_char.o(.text)
</UL><P>
<H3>
Undefined Global Symbols
</H3><HR></body></html>
